// Jest Snapshot v1, https://goo.gl/fbAQLP

exports[`Test on the ButtonComponent The initial component should be displayed 1`] = `
<div>
  <button
    class="btn"
    value="2"
  >
    2
  </button>
</div>
`;
