// Jest Snapshot v1, https://goo.gl/fbAQLP

exports[`Test on CalculatorComponent It should display the initial component 1`] = `
<div>
  <section
    class="calculator"
  >
    <div
      class="input"
    >
      <p
        class="text"
      />
      <p
        aria-label="errorMessage"
        class="errorMessage text"
      />
      <p
        class="text"
      >
        Result: 
         
      </p>
    </div>
    <section
      class="buttons"
    >
      <button
        class="btn"
        name="7"
        value="7"
      >
        7
      </button>
      <button
        class="btn"
        name="8"
        value="8"
      >
        8
      </button>
      <button
        class="btn"
        name="9"
        value="9"
      >
        9
      </button>
      <button
        class="btn"
        name="%"
        value="%"
      >
        %
      </button>
      <button
        class="btn"
        name="4"
        value="4"
      >
        4
      </button>
      <button
        class="btn"
        name="5"
        value="5"
      >
        5
      </button>
      <button
        class="btn"
        name="6"
        value="6"
      >
        6
      </button>
      <button
        class="btn"
        name="X"
        value="X"
      >
        X
      </button>
      <button
        class="btn"
        name="1"
        value="1"
      >
        1
      </button>
      <button
        class="btn"
        name="2"
        value="2"
      >
        2
      </button>
      <button
        class="btn"
        name="3"
        value="3"
      >
        3
      </button>
      <button
        class="btn"
        name="+"
        value="+"
      >
        +
      </button>
      <button
        class="btn"
        name="-"
        value="-"
      >
        -
      </button>
      <button
        class="btn"
        name="/"
        value="/"
      >
        /
      </button>
      <button
        class="btn"
        name="="
        value="="
      >
        =
      </button>
      <button
        class="btn"
        name="0"
        value="0"
      >
        0
      </button>
    </section>
    <button
      class="btnClear btn"
      value="Clear"
    >
      Clear
    </button>
  </section>
</div>
`;
